// Jest Snapshot v1, https://goo.gl/fbAQLP

exports[`FilmList renders correctly 1`] = `
<ul>
  <li>
    James Bond
  </li>
</ul>
`;
